Microchip MPLAB XC8 Compiler V2.40

Linker command line:

-W-3 \
  --edf=C:\Program Files\Microchip\xc8\v2.40\pic\dat\20220703182018_en.msgs \
  -cn -h+dist/default/debug\ProtoTwo.X.debug.sym \
  --cmf=dist/default/debug\ProtoTwo.X.debug.cmf -z -Q18F47K42 \
  -oC:\Users\Malone\AppData\Local\Temp\xcAst04.4 --defsym=__MPLAB_BUILD=1 \
  --fixupoverflow=error -Mdist/default/debug/ProtoTwo.X.debug.map \
  --md=C:\Users\Malone\AppData\Local\Temp\xcAst04.dat -E1 -ver=XC8 Compiler \
  --acfsm=1493 -ACODE=00h-01FFFFh -ACONST=00h-01FFFFh \
  -ASMALLCONST=02000h-020FFhx480 \
  -AMEDIUMCONST=02000h-0FFFFh,012000h-01FFFFh -ACOMRAM=01h-05Fh \
  -AABS1=00h-01FFFh -ABIGRAM=01h-01FFFh -ARAM=060h-0FFh,0100h-01FFhx31 \
  -ABANK0=060h-0FFh -ABANK1=0100h-01FFh -ABANK2=0200h-02FFh \
  -ABANK3=0300h-03FFh -ABANK4=0400h-04FFh -ABANK5=0500h-05FFh \
  -ABANK6=0600h-06FFh -ABANK7=0700h-07FFh -ABANK8=0800h-08FFh \
  -ABANK9=0900h-09FFh -ABANK10=0A00h-0AFFh -ABANK11=0B00h-0BFFh \
  -ABANK12=0C00h-0CFFh -ABANK13=0D00h-0DFFh -ABANK14=0E00h-0EFFh \
  -ABANK15=0F00h-0FFFh -ABANK16=01000h-010FFh -ABANK17=01100h-011FFh \
  -ABANK18=01200h-012FFh -ABANK19=01300h-013FFh -ABANK20=01400h-014FFh \
  -ABANK21=01500h-015FFh -ABANK22=01600h-016FFh -ABANK23=01700h-017FFh \
  -ABANK24=01800h-018FFh -ABANK25=01900h-019FFh -ABANK26=01A00h-01AFFh \
  -ABANK27=01B00h-01BFFh -ABANK28=01C00h-01CFFh -ABANK29=01D00h-01DFFh \
  -ABANK30=01E00h-01EFFh -ABANK31=01F00h-01FFFh \
  -ASFR=03800h-038FFhx7,03F00h-03F5Fh,03F60h-03FFFh -ABIGSFR=03800h-03FFFh \
  -ACONFIG=0300000h-0300009h -AIDLOC=0200000h-020000Fh \
  -AEEDATA=0310000h-03103FFh -peeprom_data=EEDATA -preset_vec=00h \
  -ppowerup=CODE,init -pramtop=02000h -psmallconst=SMALLCONST \
  -pmediumconst=MEDIUMCONST -pconst=CONST -AFARRAM=00h-00h \
  -prdata=COMRAM,nvrram=COMRAM,nvbit=COMRAM,rbss=COMRAM,rbit=COMRAM \
  -pfarbss=FARRAM,fardata=FARRAM,nvFARRAM=FARRAM \
  -pintsave_regs=BIGRAM,bigbss=BIGRAM,bigdata=BIGRAM -pbss=RAM \
  -pidata=CODE,irdata=CODE,ibigdata=CODE,ifardata=CODE -prparam=COMRAM \
  C:\Users\Malone\AppData\Local\Temp\xcAst04.o \
  dist/default/debug\ProtoTwo.X.debug.o 

Object code version is 3.11

Machine type is 18F47K42



                Name                               Link     Load   Length Selector   Space Scale
C:\Users\Malone\AppData\Local\Temp\xcAst04.o
                idloc                            200000   200000       10        0       5
                config                           300000   300000        A        0       4
                init                              1FFFC    1FFFC        4     FFFE       0
                reset_vec                             0        0        4        0       0
dist/default/debug\ProtoTwo.X.debug.o
                idloc                            200000   200000       10        0       5
                config                           300000   300000        A        0       4
                mediumconst                        FE22     FE22      1DE     7F11       0
                text20                            1055C    1055C        4     8000       0
                text19                            10558    10558        4     8000       0
                text18                            10554    10554        4     8000       0
                text17                            104E2    104E2       1A     8000       0
                text16                            10512    10512       16     8000       0
                text15                            10550    10550        4     8000       0
                text14                            104FC    104FC       16     8000       0
                text13                            10000    10000      13A     8000       0
                text12                            103DC    103DC       3E     8000       0
                text11                            10254    10254      100     8000       0
                text10                            1054C    1054C        4     8000       0
                text9                             10548    10548        4     8000       0
                text8                             1039A    1039A       42     8000       0
                text7                             104C8    104C8       1A     8000       0
                text6                             10354    10354       46     8000       0
                text5                             1013A    1013A      11A     8000       0
                text4                             104AC    104AC       1C     8000       0
                text3                             10538    10538       10     8000       0
                text2                             10528    10528       10     8000       0
                text1                             10486    10486       26     8000       0
                text0                             10454    10454       32     8000       0
                cstackCOMRAM                          1        1       14        1       1
                dataCOMRAM                           1B       1B        3        1       1
                bssCOMRAM                            15       15        6        1       1
                cinit                             1041A    1041A       3A     8000       0
                idataCOMRAM                       10560    10560        3     8000       0

TOTAL           Name                               Link     Load   Length     Space
        CLASS   CODE           
                init                              1FFFC    1FFFC        4         0
                reset_vec                             0        0        4         0
                text20                            1055C    1055C        4         0
                text19                            10558    10558        4         0
                text18                            10554    10554        4         0
                text17                            104E2    104E2       1A         0
                text16                            10512    10512       16         0
                text15                            10550    10550        4         0
                text14                            104FC    104FC       16         0
                text13                            10000    10000      13A         0
                text12                            103DC    103DC       3E         0
                text11                            10254    10254      100         0
                text10                            1054C    1054C        4         0
                text9                             10548    10548        4         0
                text8                             1039A    1039A       42         0
                text7                             104C8    104C8       1A         0
                text6                             10354    10354       46         0
                text5                             1013A    1013A      11A         0
                text4                             104AC    104AC       1C         0
                text3                             10538    10538       10         0
                text2                             10528    10528       10         0
                text1                             10486    10486       26         0
                text0                             10454    10454       32         0
                cinit                             1041A    1041A       3A         0
                idataCOMRAM                       10560    10560        3         0

        CLASS   CONST          

        CLASS   SMALLCONST     

        CLASS   MEDIUMCONST    
                mediumconst                        FE22     FE22      1DE         0

        CLASS   COMRAM         
                cstackCOMRAM                          1        1       14         1
                dataCOMRAM                           1B       1B        3         1
                bssCOMRAM                            15       15        6         1

        CLASS   ABS1           

        CLASS   BIGRAM         

        CLASS   RAM            

        CLASS   BANK0          

        CLASS   BANK1          

        CLASS   BANK2          

        CLASS   BANK3          

        CLASS   BANK4          

        CLASS   BANK5          

        CLASS   BANK6          

        CLASS   BANK7          

        CLASS   BANK8          

        CLASS   BANK9          

        CLASS   BANK10         

        CLASS   BANK11         

        CLASS   BANK12         

        CLASS   BANK13         

        CLASS   BANK14         

        CLASS   BANK15         

        CLASS   BANK16         

        CLASS   BANK17         

        CLASS   BANK18         

        CLASS   BANK19         

        CLASS   BANK20         

        CLASS   BANK21         

        CLASS   BANK22         

        CLASS   BANK23         

        CLASS   BANK24         

        CLASS   BANK25         

        CLASS   BANK26         

        CLASS   BANK27         

        CLASS   BANK28         

        CLASS   BANK29         

        CLASS   BANK30         

        CLASS   BANK31         

        CLASS   SFR            

        CLASS   BIGSFR         

        CLASS   CONFIG         
                config                           300000   300000        A         4

        CLASS   IDLOC          
                idloc                            200000   200000       10         5

        CLASS   EEDATA         

        CLASS   FARRAM         

        CLASS   HEAP           

        CLASS   STACK          



SEGMENTS        Name                           Load    Length   Top    Selector   Space  Class

                reset_vec                      000000  000004  000004         0       0  CODE    
                cstackCOMRAM                   000001  00001D  00001E         1       1  COMRAM  
                mediumconst                    00FE22  0001DE  010000      7F11       0  MEDIUMCO
                text13                         010000  000563  010563      8000       0  CODE    
                init                           01FFFC  000004  020000      FFFE       0  CODE    


UNUSED ADDRESS RANGES

        Name                Unused          Largest block    Delta
        BANK0            000060-0000FF               A0
        BANK1            000100-0001FF              100
        BANK10           000A00-000AFF              100
        BANK11           000B00-000BFF              100
        BANK12           000C00-000CFF              100
        BANK13           000D00-000DFF              100
        BANK14           000E00-000EFF              100
        BANK15           000F00-000FFF              100
        BANK16           001000-0010FF              100
        BANK17           001100-0011FF              100
        BANK18           001200-0012FF              100
        BANK19           001300-0013FF              100
        BANK2            000200-0002FF              100
        BANK20           001400-0014FF              100
        BANK21           001500-0015FF              100
        BANK22           001600-0016FF              100
        BANK23           001700-0017FF              100
        BANK24           001800-0018FF              100
        BANK25           001900-0019FF              100
        BANK26           001A00-001AFF              100
        BANK27           001B00-001BFF              100
        BANK28           001C00-001CFF              100
        BANK29           001D00-001DFF              100
        BANK3            000300-0003FF              100
        BANK30           001E00-001EFF              100
        BANK31           001F00-001FFF              100
        BANK4            000400-0004FF              100
        BANK5            000500-0005FF              100
        BANK6            000600-0006FF              100
        BANK7            000700-0007FF              100
        BANK8            000800-0008FF              100
        BANK9            000900-0009FF              100
        BIGRAM           00001E-001FFF             1FE2
        BIGSFR           003800-003FFF              800
        CODE             000004-00FE21             FE1E
                         010563-01FFFB             FA99
        COMRAM           00001E-00005F               42
        CONST            000004-00FE21             FE1E
                         010563-01FFFB             FA99
        EEDATA           310000-3103FF              400
        MEDIUMCONST      002000-00FE21             DE22
                         012000-01FFFB             DFFC
        RAM              000060-001FFF              100
        SFR              003800-003FFF              100
        SMALLCONST       002000-00FE21              100
                         010563-01FFFB              100

                                  Symbol Table

_ANSELA                        (abs)        003A40
_ANSELC                        (abs)        003A60
_CLKRCLK                       (abs)        003CE6
_Font                          mediumconst  00FE23
_LATC                          (abs)        003FBC
_OSCCON3                       (abs)        0039DB
_OSCEN                         (abs)        0039DD
_OSCFRQ                        (abs)        0039DF
_OSCTUNE                       (abs)        0039DE
_PPS_init                      text3        010538
_RA1PPS                        (abs)        003A01
_RC3PPS                        (abs)        003A13
_RC5PPS                        (abs)        003A15
_Rcmd1                         text13       010000
_Rcmd2red                      text12       0103DC
_Rcmd3                         text11       010254
_SPI1BAUD                      (abs)        003D19
_SPI1CLK                       (abs)        003D1C
_SPI1CON0                      (abs)        003D14
_SPI1CON0bits                  (abs)        003D14
_SPI1CON1                      (abs)        003D15
_SPI1CON2                      (abs)        003D16
_SPI1INTE                      (abs)        003D1B
_SPI1INTF                      (abs)        003D1A
_SPI1STATUS                    (abs)        003D17
_SPI1TXB                       (abs)        003D11
_TFT_RedTab_Initialize         text7        0104C8
_TFT_ResetPIN                  text8        01039A
_TRISA                         (abs)        003FC2
_TRISC                         (abs)        003FC4
__HRAM                         (abs)        000000
__Habs1                        abs1         000000
__Hbank0                       bank0        000000
__Hbank1                       bank1        000000
__Hbank10                      bank10       000000
__Hbank11                      bank11       000000
__Hbank12                      bank12       000000
__Hbank13                      bank13       000000
__Hbank14                      bank14       000000
__Hbank15                      bank15       000000
__Hbank16                      bank16       000000
__Hbank17                      bank17       000000
__Hbank18                      bank18       000000
__Hbank19                      bank19       000000
__Hbank2                       bank2        000000
__Hbank20                      bank20       000000
__Hbank21                      bank21       000000
__Hbank22                      bank22       000000
__Hbank23                      bank23       000000
__Hbank24                      bank24       000000
__Hbank25                      bank25       000000
__Hbank26                      bank26       000000
__Hbank27                      bank27       000000
__Hbank28                      bank28       000000
__Hbank29                      bank29       000000
__Hbank3                       bank3        000000
__Hbank30                      bank30       000000
__Hbank31                      bank31       000000
__Hbank4                       bank4        000000
__Hbank5                       bank5        000000
__Hbank6                       bank6        000000
__Hbank7                       bank7        000000
__Hbank8                       bank8        000000
__Hbank9                       bank9        000000
__Hbigbss                      bigbss       000000
__Hbigdata                     bigdata      000000
__Hbigram                      bigram       000000
__Hbigsfr                      bigsfr       000000
__Hbss                         bss          000000
__HbssCOMRAM                   bssCOMRAM    000000
__Hcinit                       cinit        000000
__Hclrtext                     clrtext      000000
__Hcomram                      comram       000000
__Hconfig                      config       30000A
__Hconst                       const        000000
__HcstackCOMRAM                cstackCOMRAM 000000
__Hdata                        data         000000
__HdataCOMRAM                  dataCOMRAM   000000
__Heeprom_data                 eeprom_data  000000
__Hfarbss                      farbss       000000
__Hfardata                     fardata      000000
__Hheap                        heap         000000
__Hibigdata                    ibigdata     000000
__Hidata                       idata        000000
__HidataCOMRAM                 idataCOMRAM  000000
__Hidloc                       idloc        200010
__Hifardata                    ifardata     000000
__Hinit                        init         020000
__Hintsave_regs                intsave_regs 000000
__Hirdata                      irdata       000000
__Hmediumconst                 mediumconst  010000
__HnvFARRAM                    nvFARRAM     000000
__Hnvbit                       nvbit        000000
__Hnvrram                      nvrram       000000
__Hparam                       rparam       000000
__Hpowerup                     powerup      000000
__Hram                         ram          000000
__Hramtop                      ramtop       002000
__Hrbit                        rbit         000000
__Hrbss                        rbss         000000
__Hrdata                       rdata        000000
__Hreset_vec                   reset_vec    000004
__Hrparam                      rparam       000000
__Hsfr                         sfr          000000
__Hsmallconst                  smallconst   000000
__Hspace_0                     (abs)        020000
__Hspace_1                     (abs)        00001E
__Hspace_2                     (abs)        000000
__Hspace_4                     (abs)        60000A
__Hstack                       stack        000000
__Hstruct                      struct       000000
__Htemp                        temp         000000
__Htext                        text         000000
__Htext0                       text0        000000
__Htext1                       text1        000000
__Htext10                      text10       000000
__Htext11                      text11       000000
__Htext12                      text12       000000
__Htext13                      text13       000000
__Htext14                      text14       000000
__Htext15                      text15       000000
__Htext16                      text16       000000
__Htext17                      text17       000000
__Htext18                      text18       000000
__Htext19                      text19       000000
__Htext2                       text2        000000
__Htext20                      text20       000000
__Htext3                       text3        000000
__Htext4                       text4        000000
__Htext5                       text5        000000
__Htext6                       text6        000000
__Htext7                       text7        000000
__Htext8                       text8        000000
__Htext9                       text9        000000
__LRAM                         (abs)        000001
__Labs1                        abs1         000000
__Lbank0                       bank0        000000
__Lbank1                       bank1        000000
__Lbank10                      bank10       000000
__Lbank11                      bank11       000000
__Lbank12                      bank12       000000
__Lbank13                      bank13       000000
__Lbank14                      bank14       000000
__Lbank15                      bank15       000000
__Lbank16                      bank16       000000
__Lbank17                      bank17       000000
__Lbank18                      bank18       000000
__Lbank19                      bank19       000000
__Lbank2                       bank2        000000
__Lbank20                      bank20       000000
__Lbank21                      bank21       000000
__Lbank22                      bank22       000000
__Lbank23                      bank23       000000
__Lbank24                      bank24       000000
__Lbank25                      bank25       000000
__Lbank26                      bank26       000000
__Lbank27                      bank27       000000
__Lbank28                      bank28       000000
__Lbank29                      bank29       000000
__Lbank3                       bank3        000000
__Lbank30                      bank30       000000
__Lbank31                      bank31       000000
__Lbank4                       bank4        000000
__Lbank5                       bank5        000000
__Lbank6                       bank6        000000
__Lbank7                       bank7        000000
__Lbank8                       bank8        000000
__Lbank9                       bank9        000000
__Lbigbss                      bigbss       000000
__Lbigdata                     bigdata      000000
__Lbigram                      bigram       000000
__Lbigsfr                      bigsfr       000000
__Lbss                         bss          000000
__LbssCOMRAM                   bssCOMRAM    000000
__Lcinit                       cinit        000000
__Lclrtext                     clrtext      000000
__Lcomram                      comram       000000
__Lconfig                      config       000000
__Lconst                       const        000000
__LcstackCOMRAM                cstackCOMRAM 000000
__Ldata                        data         000000
__LdataCOMRAM                  dataCOMRAM   000000
__Leeprom_data                 eeprom_data  000000
__Lfarbss                      farbss       000000
__Lfardata                     fardata      000000
__Lheap                        heap         000000
__Libigdata                    ibigdata     000000
__Lidata                       idata        000000
__LidataCOMRAM                 idataCOMRAM  000000
__Lidloc                       idloc        000000
__Lifardata                    ifardata     000000
__Linit                        init         01FFFC
__Lintsave_regs                intsave_regs 000000
__Lirdata                      irdata       000000
__Lmediumconst                 mediumconst  00FE22
__LnvFARRAM                    nvFARRAM     000000
__Lnvbit                       nvbit        000000
__Lnvrram                      nvrram       000000
__Lparam                       rparam       000000
__Lpowerup                     powerup      000000
__Lram                         ram          000000
__Lramtop                      ramtop       002000
__Lrbit                        rbit         000000
__Lrbss                        rbss         000000
__Lrdata                       rdata        000000
__Lreset_vec                   reset_vec    000000
__Lrparam                      rparam       000000
__Lsfr                         sfr          000000
__Lsmallconst                  smallconst   000000
__Lspace_0                     (abs)        000000
__Lspace_1                     (abs)        000000
__Lspace_2                     (abs)        000000
__Lspace_4                     (abs)        000000
__Lstack                       stack        000000
__Lstruct                      struct       000000
__Ltemp                        temp         000000
__Ltext                        text         000000
__Ltext0                       text0        000000
__Ltext1                       text1        000000
__Ltext10                      text10       000000
__Ltext11                      text11       000000
__Ltext12                      text12       000000
__Ltext13                      text13       000000
__Ltext14                      text14       000000
__Ltext15                      text15       000000
__Ltext16                      text16       000000
__Ltext17                      text17       000000
__Ltext18                      text18       000000
__Ltext19                      text19       000000
__Ltext2                       text2        000000
__Ltext20                      text20       000000
__Ltext3                       text3        000000
__Ltext4                       text4        000000
__Ltext5                       text5        000000
__Ltext6                       text6        000000
__Ltext7                       text7        000000
__Ltext8                       text8        000000
__Ltext9                       text9        000000
__S0                           (abs)        020000
__S1                           (abs)        00001E
__S4                           (abs)        000000
__S5                           (abs)        000000
___heap_hi                     (abs)        000000
___heap_lo                     (abs)        000000
___inthi_sp                    stack        000000
___intlo_sp                    stack        000000
___param_bank                  (abs)        000000
___rparam_used                 (abs)        000001
___sp                          stack        000000
__accesstop                    (abs)        000060
__activetblptr                 (abs)        000002
__colstart                     bssCOMRAM    00001A
__end_of_Font                  mediumconst  00FFFE
__end_of_PPS_init              text3        010548
__end_of_Rcmd1                 text13       01013A
__end_of_Rcmd2red              text12       01041A
__end_of_Rcmd3                 text11       010354
__end_of_TFT_RedTab_Initialize text7        0104E2
__end_of_TFT_ResetPIN          text8        0103DC
__end_of__initialization       cinit        01044A
__end_of_cs_high               text20       010560
__end_of_cs_low                text19       01055C
__end_of_dc_high               text15       010554
__end_of_dc_low                text18       010558
__end_of_fillRectangle         text5        010254
__end_of_fillScreen            text4        0104C8
__end_of_main                  text0        010486
__end_of_port_init             text2        010538
__end_of_rst_high              text10       010550
__end_of_rst_low               text9        01054C
__end_of_setAddrWindow         text6        01039A
__end_of_spi_init              text1        0104AC
__end_of_spi_write             text17       0104FC
__end_of_write_command         text16       010528
__end_of_write_data            text14       010512
__initialization               cinit        01041A
__mediumconst                  mediumconst  00FE22
__pbssCOMRAM                   bssCOMRAM    000015
__pcinit                       cinit        01041A
__pcstackCOMRAM                cstackCOMRAM 000001
__pdataCOMRAM                  dataCOMRAM   00001B
__pidataCOMRAM                 idataCOMRAM  010560
__pmediumconst                 mediumconst  00FE22
__ptext0                       text0        010454
__ptext1                       text1        010486
__ptext10                      text10       01054C
__ptext11                      text11       010254
__ptext12                      text12       0103DC
__ptext13                      text13       010000
__ptext14                      text14       0104FC
__ptext15                      text15       010550
__ptext16                      text16       010512
__ptext17                      text17       0104E2
__ptext18                      text18       010554
__ptext19                      text19       010558
__ptext2                       text2        010528
__ptext20                      text20       01055C
__ptext3                       text3        010538
__ptext4                       text4        0104AC
__ptext5                       text5        01013A
__ptext6                       text6        010354
__ptext7                       text7        0104C8
__ptext8                       text8        01039A
__ptext9                       text9        010548
__ramtop                       ramtop       002000
__rotation                     bssCOMRAM    000017
__rowstart                     bssCOMRAM    000019
__smallconst                   smallconst   000000
__tft_type                     bssCOMRAM    000018
__wrap                         dataCOMRAM   00001D
__xstart                       bssCOMRAM    000016
__ystart                       bssCOMRAM    000015
_cs_high                       text20       01055C
_cs_low                        text19       010558
_dc_high                       text15       010550
_dc_low                        text18       010554
_fillRectangle                 text5        01013A
_fillScreen                    text4        0104AC
_main                          text0        010454
_port_init                     text2        010528
_rst_high                      text10       01054C
_rst_low                       text9        010548
_setAddrWindow                 text6        010354
_spi_init                      text1        010486
_spi_write                     text17       0104E2
_tft_height                    dataCOMRAM   00001B
_tft_width                     dataCOMRAM   00001C
_write_command                 text16       010512
_write_data                    text14       0104FC
end_of_initialization          cinit        01044A
fillRectangle@color            cstackCOMRAM 00000A
fillRectangle@h                cstackCOMRAM 000009
fillRectangle@hi               cstackCOMRAM 000010
fillRectangle@lo               cstackCOMRAM 000011
fillRectangle@w                cstackCOMRAM 000008
fillRectangle@x                cstackCOMRAM 000012
fillRectangle@y                cstackCOMRAM 000007
fillScreen@color               cstackCOMRAM 000013
intlevel0                      text         000000
intlevel1                      text         000000
intlevel2                      text         000000
intlevel3                      text         000000
isa$std                        (abs)        000001
isa$xinst                      (abs)        000000
setAddrWindow@x0               cstackCOMRAM 000006
setAddrWindow@x1               cstackCOMRAM 000004
setAddrWindow@y0               cstackCOMRAM 000003
setAddrWindow@y1               cstackCOMRAM 000005
spi_write@data                 cstackCOMRAM 000001
stackhi                        (abs)        000000
stacklo                        (abs)        000000
start                          init         01FFFC
start_initialization           cinit        01041A
write_command@cmd              cstackCOMRAM 000002
write_data@data                cstackCOMRAM 000002


MODULE INFORMATION

Module		Function		Class		Link	Load	Size
ST7735.c
		_fillScreen    		CODE           	104AC	0000	28
		_Rcmd3         		CODE           	10254	0000	256
		_write_data    		CODE           	104FC	0000	22
		_setAddrWindow 		CODE           	10354	0000	70
		_TFT_ResetPIN  		CODE           	1039A	0000	66
		_fillRectangle 		CODE           	1013A	0000	282
		_write_command 		CODE           	10512	0000	22
		_Rcmd2red      		CODE           	103DC	0000	62
		_TFT_RedTab_Initialize		CODE           	104C8	0000	26
		_Rcmd1         		CODE           	10000	0000	314

ST7735.c estimated size: 1148

spi.c
		_cs_low        		CODE           	10558	0000	4
		_spi_write     		CODE           	104E2	0000	26
		_dc_high       		CODE           	10550	0000	4
		_PPS_init      		CODE           	10538	0000	16
		_spi_init      		CODE           	10486	0000	38
		_rst_low       		CODE           	10548	0000	4
		_dc_low        		CODE           	10554	0000	4
		_cs_high       		CODE           	1055C	0000	4
		_port_init     		CODE           	10528	0000	16
		_rst_high      		CODE           	1054C	0000	4

spi.c estimated size: 120

shared
		__initialization		CODE           	1041A	0000	48
		_Font          		MEDIUMCONST    	FE23	0000	475

shared estimated size: 523

main.c
		_main          		CODE           	10454	0000	50

main.c estimated size: 50

